// Jest Snapshot v1, https://goo.gl/fbAQLP

exports[`Snapshot testing for the Web PLayer component 1`] = `
<DocumentFragment>
  <div
    class="expanded-img"
  >
    <img
      alt="Cinque Terre"
      class="img-thumbnail"
      src="album.jpg"
    />
    <button
      class="expanded-img-btn"
      title="Extend"
    >
      <img
        alt="Extend"
        src="extend.png"
      />
    </button>
  </div>
  <div
    class="now-playing-bar-container"
  >
    <div
      class="now-playing-bar"
    >
      <div
        class="now-playing-bar-left"
      >
        <div
          class="content"
        >
          <div
            class="ablum-link"
          >
            <img
              alt="Album Art"
              class="album-art-work"
              data-testid="album-link-img"
              src="album.jpg"
            />
            <button
              class="extended-card-button"
              data-testid="album-link-btn"
              title="Extend"
            >
              <img
                alt="Extend"
                class="extend-img"
                src="extend.png"
              />
            </button>
          </div>
          <div
            class="player-controls"
          >
            <div
              class="control-buttons"
            >
              <button
                class="control-button previous"
                data-testid="previous-btn"
                title="Previous"
              >
                <img
                  alt="Previous"
                  src="previous.png"
                />
              </button>
              <button
                class="control-button play"
                data-testid="play-btn"
                title="Play"
              >
                <img
                  alt="Play"
                  src="play.png"
                />
              </button>
              <button
                class="control-button next"
                data-testid="next-btn"
                title="Next"
              >
                <img
                  alt="Next"
                  src="next.png"
                />
              </button>
            </div>
          </div>
        </div>
      </div>
      <div
        class="now-playing-bar-center"
      >
        <div
          class="content player-controls"
        >
          <div
            class="track-controls"
          >
            <div
              class="track-info"
            >
              <a
                href="/"
              >
                <strong
                  class="track-name"
                  data-testid="track-name-link"
                />
              </a>
              <a
                href="/"
              >
                <strong
                  class="artist-name"
                  data-testid="artist-name-link"
                />
              </a>
            </div>
            <div
              class="control-buttons"
            />
          </div>
          <div
            class="playback-bar"
          >
            <span
              class="progress-time current"
              data-testid="current-time"
            >
              0.00
            </span>
            <div
              class="progress-bar"
              data-testid="progress-click"
              id="progress-width"
            >
              <div
                class="progress-bar-bg"
              >
                <div
                  class="progress"
                  style="width: 0%;"
                />
              </div>
            </div>
            <span
              class="progress-time remaining"
              data-testid="duration-time"
            >
              0.00
            </span>
          </div>
        </div>
      </div>
      <div
        class="now-playing-bar-right"
      >
        <div
          class="volume-bar"
        >
          <button
            class="control-button shuffle"
            data-testid="shuffle-btn"
            title="Shuffle"
          >
            <img
              alt="Shuffle"
              src="shuffle.png"
            />
          </button>
          <button
            class="control-button repeat"
            data-testid="repeat-btn"
            title="Repeat"
          >
            <img
              alt="Repeat"
              src="repeat.png"
            />
          </button>
          <button
            class="control-button volume"
            data-testid="volume-btn"
            title="Volume"
          >
            <img
              alt="Volume"
              src="volume.png"
            />
          </button>
          <div
            class="progress-bar"
            data-testid="volume-click"
            id="volume-width"
            style="width: 125px;"
          >
            <div
              class="progress-bar-bg"
            >
              <div
                class="progress"
                style="width: 1%;"
              />
            </div>
          </div>
        </div>
      </div>
    </div>
  </div>
</DocumentFragment>
`;

exports[`Web Player component Snapshot testing for the Web PLayer component 1`] = `
<DocumentFragment>
  <div
    class="expanded-img"
  >
    <img
      alt="Cinque Terre"
      class="img-thumbnail"
      src="album.jpg"
    />
    <button
      class="expanded-img-btn"
      title="Extend"
    >
      <img
        alt="Extend"
        src="extend.png"
      />
    </button>
  </div>
  <div
    class="now-playing-bar-container"
  >
    <div
      class="now-playing-bar"
    >
      <div
        class="now-playing-bar-left"
      >
        <div
          class="content"
        >
          <div
            class="ablum-link"
          >
            <img
              alt="Album Art"
              class="album-art-work"
              data-testid="album-link-img"
              src="album.jpg"
            />
            <button
              class="extended-card-button"
              data-testid="album-link-btn"
              title="Extend"
            >
              <img
                alt="Extend"
                class="extend-img"
                src="extend.png"
              />
            </button>
          </div>
          <div
            class="player-controls"
          >
            <div
              class="control-buttons"
            >
              <button
                class="control-button previous"
                data-testid="previous-btn"
                title="Previous"
              >
                <img
                  alt="Previous"
                  src="previous.png"
                />
              </button>
              <button
                class="control-button play"
                data-testid="play-btn"
                title="Play"
              >
                <img
                  alt="Play"
                  src="play.png"
                />
              </button>
              <button
                class="control-button next"
                data-testid="next-btn"
                title="Next"
              >
                <img
                  alt="Next"
                  src="next.png"
                />
              </button>
            </div>
          </div>
        </div>
      </div>
      <div
        class="now-playing-bar-center"
      >
        <div
          class="content player-controls"
        >
          <div
            class="track-controls"
          >
            <div
              class="track-info"
            >
              <a
                href="/"
              >
                <strong
                  class="track-name"
                  data-testid="track-name-link"
                />
              </a>
              <a
                href="/"
              >
                <strong
                  class="artist-name"
                  data-testid="artist-name-link"
                />
              </a>
            </div>
            <div
              class="control-buttons"
            />
          </div>
          <div
            class="playback-bar"
          >
            <span
              class="progress-time current"
              data-testid="current-time"
            >
              0.00
            </span>
            <div
              class="progress-bar"
              data-testid="progress-click"
              id="progress-width"
            >
              <div
                class="progress-bar-bg"
              >
                <div
                  class="progress"
                  style="width: 0%;"
                />
              </div>
            </div>
            <span
              class="progress-time remaining"
              data-testid="duration-time"
            >
              0.00
            </span>
          </div>
        </div>
      </div>
      <div
        class="now-playing-bar-right"
      >
        <div
          class="volume-bar"
        >
          <button
            class="control-button shuffle"
            data-testid="shuffle-btn"
            title="Shuffle"
          >
            <img
              alt="Shuffle"
              src="shuffle.png"
            />
          </button>
          <button
            class="control-button repeat"
            data-testid="repeat-btn"
            title="Repeat"
          >
            <img
              alt="Repeat"
              src="repeat.png"
            />
          </button>
          <button
            class="control-button volume"
            data-testid="volume-btn"
            title="Volume"
          >
            <img
              alt="Volume"
              src="volume.png"
            />
          </button>
          <div
            class="progress-bar"
            data-testid="volume-click"
            id="volume-width"
            style="width: 125px;"
          >
            <div
              class="progress-bar-bg"
            >
              <div
                class="progress"
                style="width: 1%;"
              />
            </div>
          </div>
        </div>
      </div>
    </div>
  </div>
</DocumentFragment>
`;
