// Jest Snapshot v1, https://goo.gl/fbAQLP

exports[`HeaderBodyTop Component snapshot test renders correctly 1`] = `
<div
  className="playlistHeaderBodyTop"
  data-testid="HeaderBodyTop"
>
  <h2
    className="gray-text"
    data-testid="title"
  />
  <span
    className="whiteText"
    data-testid="credits"
  >
    By 
  </span>
  <button
    className="playlistAnchor songButton"
    data-testid="owner"
    onClick={[Function]}
  />
</div>
`;
