// Jest Snapshot v1, https://goo.gl/fbAQLP

exports[`SongList Component snapshot test renders correctly 1`] = `
<div
  className="col-xs-8 col-md-6 col-lg-8 col-xl-8"
  data-testid="songsList"
>
  <button
    className="song row"
    data-testid="song"
    id="song"
    onClick={[Function]}
    onMouseEnter={[Function]}
    onMouseLeave={[Function]}
  >
    <div
      className="songIcon col-1"
    >
      <button
        className="songButton"
        data-testid="playButton"
        onClick={[Function]}
      >
        <img
          alt="play music icon"
          data-testid="playButtonImage"
          height="14"
          src="musicIcon.png"
          width="12"
        />
      </button>
    </div>
    <div
      className="songInfo col-8"
    >
      <span
        className="whiteText"
        data-testid="songName"
      >
        إنسان
      </span>
      <p
        data-testid="aristsNames"
      >
        <span>
          <span>
            <a
              className="playlistAnchor"
              data-testid="artistName"
              href="/artist/5"
              onClick={[Function]}
            >
              حمزة نمرة
            </a>
            <span
              data-testid="comma"
            >
              , 
            </span>
          </span>
          <span>
            <a
              className="playlistAnchor"
              data-testid="artistName"
              href="/artist/2"
              onClick={[Function]}
            >
              Sardeena
            </a>
            <span
              data-testid="comma"
            >
              , 
            </span>
          </span>
        </span>
        <a
          className="playlistAnchor"
          data-testid="albumName"
          href="/albums/1"
          onClick={[Function]}
        >
          
        </a>
      </p>
    </div>
    <div
      className="col-1"
    >
      <div
        className="dropdown"
        data-testid="dropdown"
      >
        <button
          className="songButton"
          data-testid="dropdownButton"
          id="songDropdownButton"
          onClick={[Function]}
        >
          <h3
            className="whiteText"
            style={
              Object {
                "display": "none",
              }
            }
          >
            ...
          </h3>
        </button>
        <div
          className="dropdownContent"
          data-testid="dropdownList"
          id="dropdownContent"
          style={
            Object {
              "display": "none",
            }
          }
        >
          <a
            className="SongDropdownItem"
            data-testid="saveSong"
            href=""
            onClick={[Function]}
          >
            Save to your Liked Songs
          </a>
          <a
            className="SongDropdownItem"
            data-testid="addToQueue"
            href=""
            onClick={[Function]}
          >
            Add to Queue
          </a>
          <a
            className="SongDropdownItem"
            data-testid="addToPlaylist"
            href=""
            onClick={[Function]}
          >
            Add to Playlist
          </a>
        </div>
      </div>
    </div>
    <div
      className="col-2"
    >
      <p
        className="whiteText"
        data-testid="songTime"
      >
        3:34
      </p>
    </div>
  </button>
  <button
    className="song row"
    data-testid="song"
    id="song"
    onClick={[Function]}
    onMouseEnter={[Function]}
    onMouseLeave={[Function]}
  >
    <div
      className="songIcon col-1"
    >
      <button
        className="songButton"
        data-testid="playButton"
        onClick={[Function]}
      >
        <img
          alt="play music icon"
          data-testid="playButtonImage"
          height="14"
          src="musicIcon.png"
          width="12"
        />
      </button>
    </div>
    <div
      className="songInfo col-8"
    >
      <span
        className="whiteText"
        data-testid="songName"
      >
        سلاح التلميذ
      </span>
      <p
        data-testid="aristsNames"
      >
        <span>
          <span>
            <a
              className="playlistAnchor"
              data-testid="artistName"
              href="/artist/3"
              onClick={[Function]}
            >
              ًWegz el wench
            </a>
            <span
              data-testid="comma"
            >
              , 
            </span>
          </span>
          <span>
            <a
              className="playlistAnchor"
              data-testid="artistName"
              href="/artist/4"
              onClick={[Function]}
            >
              Amr Diab
            </a>
            <span
              data-testid="comma"
            >
              , 
            </span>
          </span>
        </span>
        <a
          className="playlistAnchor"
          data-testid="albumName"
          href="/albums/1"
          onClick={[Function]}
        >
          
        </a>
      </p>
    </div>
    <div
      className="col-1"
    >
      <div
        className="dropdown"
        data-testid="dropdown"
      >
        <button
          className="songButton"
          data-testid="dropdownButton"
          id="songDropdownButton"
          onClick={[Function]}
        >
          <h3
            className="whiteText"
            style={
              Object {
                "display": "none",
              }
            }
          >
            ...
          </h3>
        </button>
        <div
          className="dropdownContent"
          data-testid="dropdownList"
          id="dropdownContent"
          style={
            Object {
              "display": "none",
            }
          }
        >
          <a
            className="SongDropdownItem"
            data-testid="saveSong"
            href=""
            onClick={[Function]}
          >
            Save to your Liked Songs
          </a>
          <a
            className="SongDropdownItem"
            data-testid="addToQueue"
            href=""
            onClick={[Function]}
          >
            Add to Queue
          </a>
          <a
            className="SongDropdownItem"
            data-testid="addToPlaylist"
            href=""
            onClick={[Function]}
          >
            Add to Playlist
          </a>
        </div>
      </div>
    </div>
    <div
      className="col-2"
    >
      <p
        className="whiteText"
        data-testid="songTime"
      >
        3:34
      </p>
    </div>
  </button>
</div>
`;
