// Jest Snapshot v1, https://goo.gl/fbAQLP

exports[`album Component snapshot test for the playlist renders correctly 1`] = `
<div
  className="dummyParent"
>
  <div>
    <div
      className="vertical-nav bg-darky"
      id="sidebar"
    >
      <div
        className="py-4 px-3 bg-darky"
        data-testid="oud-logo-component"
      >
        <a
          data-testid="oud-logo-link"
          href="/"
          onClick={[Function]}
        >
          <div
            className="media-body"
          >
            <h2
              className="font-weight-white mb-0"
            >
              <img
                alt="oud logo"
                data-testid="oud-logo-img"
                height="100%"
                src="logo.svg"
                width="100%"
              />
            </h2>
          </div>
        </a>
      </div>
      <ul
        className="nav flex-column bg-dark mb-0 ml-2"
        data-testid="first-sidebar-elements"
      >
        <li
          className="nav-item"
        >
          <a
            className="nav-link text-light bg-darky active-left-sidebar-ele"
            href="/"
            onClick={[Function]}
          >
            <i
              className="fa fa-home mr-3 icon-sz sidebar-icons"
            />
            Home
          </a>
        </li>
        <li
          className="nav-item"
        >
          <a
            className="nav-link text-light bg-darky active-left-sidebar-ele"
            href="/search"
            onClick={[Function]}
          >
            <i
              className="fa fa-search mr-3 fa-lg sidebar-icons"
            />
            Search
          </a>
        </li>
        <li
          className="nav-item"
        >
          <a
            className="nav-link text-light bg-darky active-left-sidebar-ele"
            href="/collection"
            onClick={[Function]}
          >
            <i
              className="fa fa-bookmark mr-3 fa-lg sidebar-icons"
            />
            Your Library
          </a>
        </li>
      </ul>
      <p
        className="text-gray font-weight-bold text-uppercase px-3 small py-4 mb-0"
        data-testid="playlist-text"
      >
        Playlists
      </p>
      <ul
        className="nav flex-column bg-darky mb-0 ml-2"
        data-testid="second-sidebar-elements"
      >
        <li
          className="nav-item"
        >
          <a
            className="nav-link text-light bg-darky active-left-sidebar-ele"
            href="/create-playlist"
            onClick={[Function]}
          >
            <i
              className="fa fa-plus-square mr-3  fa-lg sidebar-icons"
            />
            Create Playlist
          </a>
        </li>
        <li
          className="nav-item"
        >
          <a
            className="nav-link text-light bg-darky active-left-sidebar-ele"
            href="/likedSongs"
            onClick={[Function]}
          >
            <i
              className="fa fa-heart mr-3 fa-lg sidebar-icons"
            />
            Liked Songs
          </a>
        </li>
        <hr
          className="divider"
          data-testid="divider"
        />
      </ul>
    </div>
  </div>
  <div>
    <nav
      className="navbar navbar-expand-lg navbar-dark bg-darky fixed-top oud-nav"
      data-testid="home-nav"
    >
      <form
        className="form-inline"
        data-testid="left-part"
      >
        <div
          className="back-forward nav-back-forward"
          data-testid="nav-back-forward"
        >
          <div
            className="navbar-brand"
            data-testid="back-switch"
            onClick={[Function]}
          >
            <i
              className="fa fa-angle-left fa-lg left-arrow"
            />
          </div>
          <div
            className="navbar-brand"
            data-testid="forward-switch"
            onClick={[Function]}
          >
            <i
              className="fa fa-angle-right fa-lg right-arrow"
            />
          </div>
        </div>
        <input
          aria-label="Search"
          className="search-input empty"
          data-testid="search-input"
          id="iconified"
          onClick={[Function]}
          placeholder=" Search for Artists, Songs"
          type="search"
        />
      </form>
      <button
        aria-controls="navbarSupportedContent"
        aria-expanded="false"
        aria-label="Toggle navigation"
        className="navbar-toggler"
        data-target="#navbarSupportedContent"
        data-testid="toggle-btn"
        data-toggle="collapse"
        type="button"
      >
        <span
          className="navbar-toggler-icon toggler"
        />
      </button>
      <div
        className="collapse navbar-collapse login-signup"
        data-testid="right-part"
        id="navbarSupportedContent"
      >
        <ul
          className="navbar-nav mr-auto"
        />
        <ul
          className="navbar-nav mr-auto"
        />
        <form
          className="form-inline my-2 my-lg-0"
          data-testid="after-login"
        >
          <a
            className="signup-signin-link upgrade"
            data-testid="upgrade-link"
            href="/upgrade"
            onClick={[Function]}
          >
            <button
              className="btn oud-btn my-2 my-sm-0 mr-3 upgrade"
              data-testid="upgrade-btn"
              type="submit"
            >
              UPGRADE
            </button>
          </a>
          <div
            className="dropdown show droppy"
            data-testid="dropdown-wrapper"
          >
            <a
              aria-expanded="false"
              aria-haspopup="true"
              data-testid="profile-dropdown-link"
              data-toggle="dropdown"
              href="https://example.com"
              id="dropdownMenuLink"
            >
              <img
                alt="user"
                className="profile"
                data-testid="profile-img"
                src="https://avatars0.githubusercontent.com/u/40190772?s=400&u=292f4666b670438f7e38da19371cfe4292bde577&v=4"
              />
            </a>
            <div
              aria-labelledby="dropdownMenuLink"
              className="dropdown-menu dropdown-me"
              data-testid="profile-dropdown"
            >
              <a
                className="dropdown-item element"
                data-testid="account-dropdown-element"
                href="/account"
                onClick={[Function]}
              >
                Account
              </a>
              <a
                className="dropdown-item element"
                data-testid="logout-dropdown-element"
                href="/logout"
                onClick={[Function]}
              >
                Log out
              </a>
            </div>
          </div>
          <h1
            className="username"
            data-testid="username"
          >
            Hemdan
          </h1>
        </form>
      </div>
    </nav>
  </div>
  <div
    className="profile-user"
  >
    <div
      className="playlist"
      data-testid="likedSongs"
    >
      <div
        className="row"
      >
        <div
          className="playlistHeader row col-xs-12 col-md-12 col-lg-4 col-xl-4"
          data-testid="playlistHeader"
          onClick={[Function]}
        >
          <div
            className="playlistImageContainer col col-lg-12 col-md-4 col-sm-4 col-xs-4"
            data-testid="playlistIamgeContainer"
          >
            <img
              alt="playlist img"
              className="playlistImage"
              data-testid="playlistIamge"
              src="https://t.scdn.co/images/3099b3803ad9496896c43f22fe9be8c4.png"
            />
          </div>
          <div
            className="playlistHeaderBody col col-lg-12 col-md-8 col-sm-8 col-xs-8"
            data-testid="playlistHeaderBody"
          >
            <div
              data-testid="HeaderBody"
            >
              <h2
                className="gray-text likedSongsTitle"
                data-testid="title"
              >
                Liked Songs
              </h2>
              <button
                className="playlistAnchor songButton block"
                data-testid="owner"
                onClick={[Function]}
              >
                Ahmed
              </button>
              <button
                className="playButton"
                data-testid="playButton"
                onClick={[Function]}
                variant="outline-success"
              >
                PLAY
              </button>
              <p
                className="likedSongsTitle gray-text"
              >
                <span
                  data-testid="songsNumber"
                >
                  0
                   
                </span>
                <span
                  data-testid="songsLiteral"
                >
                  song
                </span>
              </p>
            </div>
          </div>
        </div>
        <div
          className="col-xs-8 col-md-6 col-lg-8 col-xl-8"
          data-testid="songsList"
        >
          <h1
            data-testid="loading"
          >
            LOADING ...
          </h1>
        </div>
      </div>
    </div>
  </div>
</div>
`;
