// Jest Snapshot v1, https://goo.gl/fbAQLP

exports[`Body page testing  render correctly text component 1`] = `
<div
  className="Body"
>
  <img
    alt="background"
    className="backGround"
    data-testid="background"
    src="2685063.jpg"
  />
  <div
    className="welcomeText"
  >
    <h1
      data-testid="firstText"
    >
      Music for everyone.
    </h1>
    <h6
      data-testid="secText"
    >
      Millions of songs. No credit card needed.
    </h6>
    <button
      className="getOudBtn"
      data-testid="getOudBtn"
    >
      Get Oud Free
    </button>
  </div>
  <div
    className="container"
  >
    <div
      className="bottom"
    >
      <h1>
        Looking for music?
      </h1>
      <h5>
        Start listening to the best new releases.
      </h5>
      <button
        className="getOudBtn2"
        data-testid="getOudBtn2"
      >
        LAUNCH WEB PLAYER
      </button>
    </div>
  </div>
</div>
`;
